
Allocating common symbols
Common symbol       size              file

HF_max_index        0x1               interrupt.o
HF_current_task     0x1               interrupt.o
HF_last_task        0x1               interrupt.o
HF_heap             0x8000            interrupt.o
HF_tick_count       0x4               interrupt.o
HF_free_mem         0x4               interrupt.o
InitStack           0x200             boot.o
HF_heap_info        0x8               malloc.o
HF_task             0x7d0             interrupt.o
HF_task_entry       0x4               interrupt.o
HF_be               0x1               interrupt.o
lastTasksTicks      0x18              exemp2.o
HF_schedule         0x1               interrupt.o
HF_tasks            0x1               interrupt.o
HF_context_switch_cycles
                    0x4               interrupt.o

Discarded input sections

 .reginfo       0x0000000000000000       0x18 interrupt.o
 .reginfo       0x0000000000000000       0x18 hal.o
 .reginfo       0x0000000000000000       0x18 mutex.o
 .reginfo       0x0000000000000000       0x18 ipc.o
 .reginfo       0x0000000000000000       0x18 hflibc.o
 .reginfo       0x0000000000000000       0x18 malloc.o
 .reginfo       0x0000000000000000       0x18 ukernel.o
 .reginfo       0x0000000000000000       0x18 mpsoc.o
 .reginfo       0x0000000000000000       0x18 exemp2.o

Memory Configuration

Name             Origin             Length             Attributes
*default*        0x0000000000000000 0xffffffffffffffff

Linker script and memory map

Address of section .text set to 0x10000000
LOAD boot.o
LOAD interrupt.o
LOAD hal.o
LOAD mutex.o
LOAD ipc.o
LOAD hflibc.o
LOAD malloc.o
LOAD ukernel.o
LOAD mpsoc.o
LOAD exemp2.o
                0x0000000000400000                PROVIDE (__executable_start, 0x400000)
                0x0000000000400000                . = 0x400000

.interp
 *(.interp)

.reginfo        0x0000000000400000       0x18
 *(.reginfo)
 .reginfo       0x0000000000400000       0x18 boot.o

.note.gnu.build-id
 *(.note.gnu.build-id)

.dynamic
 *(.dynamic)

.hash
 *(.hash)

.gnu.hash
 *(.gnu.hash)

.dynsym
 *(.dynsym)

.dynstr
 *(.dynstr)

.gnu.version
 *(.gnu.version)

.gnu.version_d
 *(.gnu.version_d)

.gnu.version_r
 *(.gnu.version_r)

.rel.init
 *(.rel.init)

.rela.init
 *(.rela.init)

.rel.text
 *(.rel.text .rel.text.* .rel.gnu.linkonce.t.*)

.rela.text
 *(.rela.text .rela.text.* .rela.gnu.linkonce.t.*)

.rel.fini
 *(.rel.fini)

.rela.fini
 *(.rela.fini)

.rel.rodata
 *(.rel.rodata .rel.rodata.* .rel.gnu.linkonce.r.*)

.rela.rodata
 *(.rela.rodata .rela.rodata.* .rela.gnu.linkonce.r.*)

.rel.data.rel.ro
 *(.rel.data.rel.ro .rel.data.rel.ro.* .rel.gnu.linkonce.d.rel.ro.*)

.rela.data.rel.ro
 *(.rela.data.rel.ro .rela.data.rel.ro.* .rela.gnu.linkonce.d.rel.ro.*)

.rel.data
 *(.rel.data .rel.data.* .rel.gnu.linkonce.d.*)

.rela.data
 *(.rela.data .rela.data.* .rela.gnu.linkonce.d.*)

.rel.tdata
 *(.rel.tdata .rel.tdata.* .rel.gnu.linkonce.td.*)

.rela.tdata
 *(.rela.tdata .rela.tdata.* .rela.gnu.linkonce.td.*)

.rel.tbss
 *(.rel.tbss .rel.tbss.* .rel.gnu.linkonce.tb.*)

.rela.tbss
 *(.rela.tbss .rela.tbss.* .rela.gnu.linkonce.tb.*)

.rel.ctors
 *(.rel.ctors)

.rela.ctors
 *(.rela.ctors)

.rel.dtors
 *(.rel.dtors)

.rela.dtors
 *(.rela.dtors)

.rel.got
 *(.rel.got)

.rela.got
 *(.rela.got)

.rel.dyn
 *(.rel.dyn)

.rel.sdata
 *(.rel.sdata .rel.sdata.* .rel.gnu.linkonce.s.*)

.rela.sdata
 *(.rela.sdata .rela.sdata.* .rela.gnu.linkonce.s.*)

.rel.sbss
 *(.rel.sbss .rel.sbss.* .rel.gnu.linkonce.sb.*)

.rela.sbss
 *(.rela.sbss .rela.sbss.* .rela.gnu.linkonce.sb.*)

.rel.sdata2
 *(.rel.sdata2 .rel.sdata2.* .rel.gnu.linkonce.s2.*)

.rela.sdata2
 *(.rela.sdata2 .rela.sdata2.* .rela.gnu.linkonce.s2.*)

.rel.sbss2
 *(.rel.sbss2 .rel.sbss2.* .rel.gnu.linkonce.sb2.*)

.rela.sbss2
 *(.rela.sbss2 .rela.sbss2.* .rela.gnu.linkonce.sb2.*)

.rel.bss
 *(.rel.bss .rel.bss.* .rel.gnu.linkonce.b.*)

.rela.bss
 *(.rela.bss .rela.bss.* .rela.gnu.linkonce.b.*)

.rel.iplt       0x0000000000400000        0x0
                0x0000000000400000                PROVIDE (__rel_iplt_start, .)
 *(.rel.iplt)
                0x0000000000400000                PROVIDE (__rel_iplt_end, .)

.rela.iplt      0x0000000000400000        0x0
                0x0000000000400000                PROVIDE (__rela_iplt_start, .)
 *(.rela.iplt)
                0x0000000000400000                PROVIDE (__rela_iplt_end, .)

.rel.plt
 *(.rel.plt)

.rela.plt
 *(.rela.plt)

.init
 *(SORT(.init))

.plt
 *(.plt)

.iplt
 *(.iplt)

.text           0x0000000010000000     0x3c2c
                0x0000000010000000                _ftext = .
 *(.text.unlikely .text.*_unlikely)
 *(.text.exit .text.exit.*)
 *(.text.startup .text.startup.*)
 *(.text.hot .text.hot.*)
 *(.text .stub .text.* .gnu.linkonce.t.*)
 .text          0x0000000010000000      0x244 boot.o
                0x0000000010000000                _entry
                0x0000000010000050                interrupt_service_routine
                0x0000000010000138                HF_AsmInterruptEnable
                0x0000000010000148                HF_AsmInterruptInit
                0x0000000010000188                setjmp
                0x00000000100001c0                longjmp
                0x00000000100001f8                HF_RestoreExecution
                0x0000000010000238                HF_Halt
 .text          0x0000000010000244      0x18c interrupt.o
                0x0000000010000244                HF_InterruptStatus
                0x0000000010000254                HF_InterruptMaskRead
                0x0000000010000264                HF_InterruptMaskSet
                0x00000000100002ac                HF_InterruptMaskClear
                0x00000000100002fc                HF_InterruptRegister
                0x0000000010000338                HF_InterruptServiceRoutine
 .text          0x00000000100003d0      0x454 hal.o
                0x00000000100003d0                _putchar
                0x00000000100003e0                _kbhit
                0x00000000100003f0                _getchar
                0x0000000010000414                _sleep
                0x0000000010000510                _usleep
                0x000000001000060c                HF_ReadCounter
                0x000000001000061c                HF_UpdateCounterMask
                0x0000000010000638                HF_SchedulerStatus
                0x0000000010000648                HF_DisableScheduler
                0x0000000010000654                HF_EnableScheduler
                0x0000000010000664                HF_BasicHardwareInit
                0x000000001000066c                HF_AddServices
                0x00000000100006a8                HF_TimerInit
                0x00000000100006f0                HF_HardwareInit
                0x0000000010000768                HF_Panic
 .text          0x0000000010000824      0x290 mutex.o
                0x0000000010000824                HF_EnterRegion
                0x00000000100008fc                HF_LeaveRegion
                0x000000001000092c                HF_SemInit
                0x000000001000096c                HF_SemWait
                0x0000000010000a28                HF_SemPost
 .text          0x0000000010000ab4      0x314 ipc.o
                0x0000000010000ab4                HF_MboxInit
                0x0000000010000b18                HF_MboxSend
                0x0000000010000b98                HF_MboxRecv
                0x0000000010000bf4                HF_MboxAccept
                0x0000000010000c74                HF_MsgSend
                0x0000000010000cf0                HF_MsgRecv
 .text          0x0000000010000dc8     0x1324 hflibc.o
                0x0000000010001310                putchar
                0x0000000010001318                kbhit
                0x0000000010001320                getchar
                0x0000000010001328                sleep
                0x0000000010001330                usleep
                0x0000000010001338                strcpy
                0x000000001000135c                strncpy
                0x00000000100013c0                strcat
                0x00000000100013f8                strncat
                0x0000000010001454                strcmp
                0x0000000010001488                strncmp
                0x00000000100014cc                strstr
                0x0000000010001528                strlen
                0x000000001000154c                strchr
                0x0000000010001584                strpbrk
                0x00000000100015c4                strsep
                0x0000000010001618                strtok
                0x00000000100016d0                memcpy
                0x0000000010001700                memmove
                0x0000000010001770                memcmp
                0x00000000100017bc                memset
                0x00000000100017e0                memsetw
                0x0000000010001808                strtol
                0x00000000100018c4                atoi
                0x0000000010001980                itoa
                0x0000000010001ad4                puts
                0x0000000010001b30                gets
                0x0000000010001b9c                printf
                0x0000000010001bd0                sprintf
                0x0000000010001c04                abs
                0x0000000010001c14                random
                0x0000000010001c40                srand
                0x0000000010001c4c                __mulsi3
                0x0000000010001c78                __muldsi3
                0x0000000010001ce4                __muldi3
                0x0000000010001d4c                __udivsi3
                0x0000000010001d54                __umodsi3
                0x0000000010001d5c                __divsi3
                0x0000000010001dac                __modsi3
                0x0000000010001dfc                __ashldi3
                0x0000000010001e34                __ashrdi3
                0x0000000010001e68                __lshrdi3
                0x0000000010001ea8                __udivmoddi4
                0x0000000010001fa0                __umoddi3
                0x0000000010001fc8                __udivdi3
                0x0000000010001fe8                __moddi3
                0x0000000010002078                __divdi3
 .text          0x00000000100020ec      0x30c malloc.o
                0x00000000100020ec                free
                0x0000000010002154                malloc
                0x00000000100022c0                calloc
                0x000000001000230c                realloc
                0x00000000100023bc                HF_HeapInit
 .text          0x00000000100023f8     0x16b4 ukernel.o
                0x00000000100025c0                HF_TaskReschedule
                0x0000000010002708                HF_TaskYield
                0x0000000010002824                HF_TaskMemoryUsage
                0x000000001000285c                HF_TaskTicks
                0x0000000010002884                HF_LastTickTime
                0x00000000100028ac                HF_LastContextSwitchTime
                0x00000000100028bc                HF_TaskId
                0x0000000010002980                HF_CurrentTaskId
                0x0000000010002990                HF_CurrentCpuId
                0x0000000010002998                HF_CurrentCpuFrequency
                0x00000000100029a0                HF_NCores
                0x00000000100029a8                HF_NTasks
                0x00000000100029b8                HF_BlockTask
                0x0000000010002a90                HF_ResumeTask
                0x0000000010002b64                HF_KillTask
                0x0000000010002d00                HF_DispatcherISR
                0x0000000010002ecc                HF_AddTask
                0x00000000100031b8                HF_AddPeriodicTask
                0x00000000100034e4                HF_Fork
                0x0000000010003724                HF_MemoryUsage
                0x0000000010003738                HF_FreeMemory
                0x0000000010003748                IdleTask
                0x0000000010003764                HF_Start
                0x0000000010003798                HF_Main
 .text          0x0000000010003aac        0x0 mpsoc.o
 .text          0x0000000010003aac      0x180 exemp2.o
                0x0000000010003aac                task
                0x0000000010003b24                ApplicationMain
 *(.gnu.warning)
 *(.mips16.fn.*)
 *(.mips16.call.*)

.fini
 *(SORT(.fini))
                0x0000000010003c2c                PROVIDE (__etext, .)
                0x0000000010003c2c                PROVIDE (_etext, .)
                0x0000000010003c2c                PROVIDE (etext, .)

.rodata         0x0000000010003c2c      0x6c8
 *(.rodata .rodata.* .gnu.linkonce.r.*)
 .rodata.str1.4
                0x0000000010003c2c      0x174 hal.o
 .rodata.str1.4
                0x0000000010003da0        0x7 hflibc.o
                                          0x8 (size before relaxing)
 *fill*         0x0000000010003da7        0x1 
 .rodata.str1.4
                0x0000000010003da8      0x519 ukernel.o
                                        0x51c (size before relaxing)
 *fill*         0x00000000100042c1        0x3 
 .rodata.str1.4
                0x00000000100042c4       0x30 exemp2.o

.rodata1
 *(.rodata1)

.sdata2
 *(.sdata2 .sdata2.* .gnu.linkonce.s2.*)

.sbss2
 *(.sbss2 .sbss2.* .gnu.linkonce.sb2.*)

.eh_frame_hdr
 *(.eh_frame_hdr)

.eh_frame
 *(.eh_frame)

.gcc_except_table
 *(.gcc_except_table .gcc_except_table.*)

.exception_ranges
 *(.exception_ranges .exception_ranges*)
                0x00000000100042f4                . = .

.eh_frame
 *(.eh_frame)

.gcc_except_table
 *(.gcc_except_table .gcc_except_table.*)

.exception_ranges
 *(.exception_ranges .exception_ranges*)

.tdata
 *(.tdata .tdata.* .gnu.linkonce.td.*)

.tbss
 *(.tbss .tbss.* .gnu.linkonce.tb.*)
 *(.tcommon)

.preinit_array  0x00000000100042f4        0x0
                0x00000000100042f4                PROVIDE (__preinit_array_start, .)
 *(.preinit_array)
                0x00000000100042f4                PROVIDE (__preinit_array_end, .)

.init_array     0x00000000100042f4        0x0
                0x00000000100042f4                PROVIDE (__init_array_start, .)
 *(SORT(.init_array.*))
 *(.init_array)
                0x00000000100042f4                PROVIDE (__init_array_end, .)

.fini_array     0x00000000100042f4        0x0
                0x00000000100042f4                PROVIDE (__fini_array_start, .)
 *(SORT(.fini_array.*))
 *(.fini_array)
                0x00000000100042f4                PROVIDE (__fini_array_end, .)

.ctors
 *crtbegin.o(.ctors)
 *crtbegin?.o(.ctors)
 *(EXCLUDE_FILE(*crtend?.o *crtend.o) .ctors)
 *(SORT(.ctors.*))
 *(.ctors)

.dtors
 *crtbegin.o(.dtors)
 *crtbegin?.o(.dtors)
 *(EXCLUDE_FILE(*crtend?.o *crtend.o) .dtors)
 *(SORT(.dtors.*))
 *(.dtors)

.jcr
 *(.jcr)

.data.rel.ro
 *(.data.rel.ro.local* .gnu.linkonce.d.rel.ro.local.*)
 *(.data.rel.ro .data.rel.ro.* .gnu.linkonce.d.rel.ro.*)

.data           0x00000000100042f4        0xc
                0x00000000100042f4                _fdata = .
 *(.data .data.* .gnu.linkonce.d.*)
 .data          0x00000000100042f4        0x0 boot.o
 .data          0x00000000100042f4        0x0 interrupt.o
 .data          0x00000000100042f4        0x0 hal.o
 .data          0x00000000100042f4        0x0 mutex.o
 .data          0x00000000100042f4        0x0 ipc.o
 .data          0x00000000100042f4        0x4 hflibc.o
 .data          0x00000000100042f8        0x0 malloc.o
 .data          0x00000000100042f8        0x8 ukernel.o
 .data          0x0000000010004300        0x0 mpsoc.o
 .data          0x0000000010004300        0x0 exemp2.o

.data1
 *(.data1)

.got.plt
 *(.got.plt)
                0x0000000010004300                . = .
                0x0000000010004300                . = .
                0x000000001000c2f0                _gp = (ALIGN (0x10) + 0x7ff0)

.got
 *(.got)

.sdata
 *(.sdata .sdata.* .gnu.linkonce.s.*)

.lit8
 *(.lit8)

.lit4
 *(.lit4)
                0x0000000010004300                _edata = .
                0x0000000010004300                PROVIDE (edata, .)
                0x0000000010004300                . = .
                0x0000000010004300                __bss_start = .
                0x0000000010004300                _fbss = .

.sbss           0x0000000010004300       0x20
 *(.dynsbss)
 *(.sbss .sbss.* .gnu.linkonce.sb.*)
 *(.scommon)
 .scommon       0x0000000010004300       0x18 interrupt.o
                0x0000000010004300                HF_max_index
                0x0000000010004301                HF_current_task
                0x0000000010004302                HF_last_task
                0x0000000010004304                HF_tick_count
                0x0000000010004308                HF_free_mem
                0x000000001000430c                HF_task_entry
                0x0000000010004310                HF_be
                0x0000000010004311                HF_schedule
                0x0000000010004312                HF_tasks
                0x0000000010004314                HF_context_switch_cycles
 .scommon       0x0000000010004318        0x0 hal.o
 .scommon       0x0000000010004318        0x0 mutex.o
 .scommon       0x0000000010004318        0x0 ipc.o
 .scommon       0x0000000010004318        0x8 malloc.o
                0x0000000010004318                HF_heap_info
 .scommon       0x0000000010004320        0x0 ukernel.o
 .scommon       0x0000000010004320        0x0 mpsoc.o
 .scommon       0x0000000010004320        0x0 exemp2.o

.bss            0x0000000010004320     0x8a48
 *(.dynbss)
 *(.bss .bss.* .gnu.linkonce.b.*)
 .bss           0x0000000010004320        0x0 boot.o
 .bss           0x0000000010004320       0x40 interrupt.o
 .bss           0x0000000010004360        0x0 hal.o
 .bss           0x0000000010004360        0x0 mutex.o
 .bss           0x0000000010004360        0x0 ipc.o
 .bss           0x0000000010004360        0x4 hflibc.o
 .bss           0x0000000010004364       0x14 malloc.o
 .bss           0x0000000010004378        0x8 ukernel.o
 .bss           0x0000000010004380        0x0 mpsoc.o
 .bss           0x0000000010004380        0x0 exemp2.o
 *(COMMON)
 COMMON         0x0000000010004380      0x200 boot.o
                0x0000000010004380                InitStack
 COMMON         0x0000000010004580     0x87d0 interrupt.o
                0x0000000010004580                HF_heap
                0x000000001000c580                HF_task
 COMMON         0x000000001000cd50       0x18 exemp2.o
                0x000000001000cd50                lastTasksTicks
                0x000000001000cd68                . = ALIGN ((. != 0x0)?0x4:0x1)
                0x000000001000cd68                . = ALIGN (0x4)
                0x000000001000cd68                . = ALIGN (0x4)
                0x000000001000cd68                _end = .
                0x000000001000cd68                PROVIDE (end, .)

.stab
 *(.stab)

.stabstr
 *(.stabstr)

.stab.excl
 *(.stab.excl)

.stab.exclstr
 *(.stab.exclstr)

.stab.index
 *(.stab.index)

.stab.indexstr
 *(.stab.indexstr)

.comment        0x0000000000000000       0x11
 *(.comment)
 .comment       0x0000000000000000       0x11 interrupt.o
                                         0x12 (size before relaxing)
 .comment       0x0000000000000000       0x12 hal.o
 .comment       0x0000000000000000       0x12 mutex.o
 .comment       0x0000000000000000       0x12 ipc.o
 .comment       0x0000000000000000       0x12 hflibc.o
 .comment       0x0000000000000000       0x12 malloc.o
 .comment       0x0000000000000000       0x12 ukernel.o
 .comment       0x0000000000000000       0x12 mpsoc.o
 .comment       0x0000000000000000       0x12 exemp2.o

.pdr            0x0000000000000000      0xfa0
 .pdr           0x0000000000000000      0x100 boot.o
 .pdr           0x0000000000000100       0xc0 interrupt.o
 .pdr           0x00000000000001c0      0x1e0 hal.o
 .pdr           0x00000000000003a0       0xa0 mutex.o
 .pdr           0x0000000000000440       0xc0 ipc.o
 .pdr           0x0000000000000500      0x680 hflibc.o
 .pdr           0x0000000000000b80       0xa0 malloc.o
 .pdr           0x0000000000000c20      0x340 ukernel.o
 .pdr           0x0000000000000f60        0x0 mpsoc.o
 .pdr           0x0000000000000f60       0x40 exemp2.o

.debug
 *(.debug)

.line
 *(.line)

.debug_srcinfo
 *(.debug_srcinfo)

.debug_sfnames
 *(.debug_sfnames)

.debug_aranges
 *(.debug_aranges)

.debug_pubnames
 *(.debug_pubnames)

.debug_info
 *(.debug_info .gnu.linkonce.wi.*)

.debug_abbrev
 *(.debug_abbrev)

.debug_line
 *(.debug_line)

.debug_frame
 *(.debug_frame)

.debug_str
 *(.debug_str)

.debug_loc
 *(.debug_loc)

.debug_macinfo
 *(.debug_macinfo)

.debug_weaknames
 *(.debug_weaknames)

.debug_funcnames
 *(.debug_funcnames)

.debug_typenames
 *(.debug_typenames)

.debug_varnames
 *(.debug_varnames)

.debug_pubtypes
 *(.debug_pubtypes)

.debug_ranges
 *(.debug_ranges)

.debug_macro
 *(.debug_macro)

.gnu.attributes
                0x0000000000000000       0x10
 *(.gnu.attributes)
 .gnu.attributes
                0x0000000000000000       0x10 interrupt.o
 .gnu.attributes
                0x0000000000000010       0x10 hal.o
 .gnu.attributes
                0x0000000000000020       0x10 mutex.o
 .gnu.attributes
                0x0000000000000030       0x10 ipc.o
 .gnu.attributes
                0x0000000000000040       0x10 hflibc.o
 .gnu.attributes
                0x0000000000000050       0x10 malloc.o
 .gnu.attributes
                0x0000000000000060       0x10 ukernel.o
 .gnu.attributes
                0x0000000000000070       0x10 mpsoc.o
 .gnu.attributes
                0x0000000000000080       0x10 exemp2.o

.gptab.sdata
 *(.gptab.data)
 *(.gptab.sdata)

.gptab.sbss
 *(.gptab.bss)
 *(.gptab.sbss)

.mdebug.abi32   0x0000000000000000        0x0
 *(.mdebug.abi32)
 .mdebug.abi32  0x0000000000000000        0x0 interrupt.o
 .mdebug.abi32  0x0000000000000000        0x0 hal.o
 .mdebug.abi32  0x0000000000000000        0x0 mutex.o
 .mdebug.abi32  0x0000000000000000        0x0 ipc.o
 .mdebug.abi32  0x0000000000000000        0x0 hflibc.o
 .mdebug.abi32  0x0000000000000000        0x0 malloc.o
 .mdebug.abi32  0x0000000000000000        0x0 ukernel.o
 .mdebug.abi32  0x0000000000000000        0x0 mpsoc.o
 .mdebug.abi32  0x0000000000000000        0x0 exemp2.o

.mdebug.abiN32
 *(.mdebug.abiN32)

.mdebug.abi64
 *(.mdebug.abi64)

.mdebug.abiO64
 *(.mdebug.abiO64)

.mdebug.eabi32
 *(.mdebug.eabi32)

.mdebug.eabi64
 *(.mdebug.eabi64)

.gcc_compiled_long32
 *(.gcc_compiled_long32)

.gcc_compiled_long64
 *(.gcc_compiled_long64)

/DISCARD/
 *(.note.GNU-stack)
 *(.gnu_debuglink)
 *(.gnu.lto_*)
OUTPUT(test.axf elf32-bigmips)
